CREATE EXTENSION magicmake CASCADE;
NOTICE:  installing required extension "pg_trgm"
